test_authorization_binds_joint_profiles_to_exact_freeze (__main__.RunnerChecks.test_authorization_binds_joint_profiles_to_exact_freeze) ... ok
test_execute_rejected_before_product_import_or_output_creation (__main__.RunnerChecks.test_execute_rejected_before_product_import_or_output_creation) ... ok
test_full_pipeline_with_synthetic_adapter_preserves_observations (__main__.RunnerChecks.test_full_pipeline_with_synthetic_adapter_preserves_observations) ... ok
test_offline_preflight_leaves_campaigns_blocked (__main__.RunnerChecks.test_offline_preflight_leaves_campaigns_blocked) ... ok
test_pin_drift_detected_offline (__main__.RunnerChecks.test_pin_drift_detected_offline) ... ok
test_all_frozen_scenarios_synthetic_only (__main__.ScorerChecks.test_all_frozen_scenarios_synthetic_only) ... ok
test_booleans_cannot_replace_raw_retrieval (__main__.ScorerChecks.test_booleans_cannot_replace_raw_retrieval) ... ok
test_citation_order_noncontractual (__main__.ScorerChecks.test_citation_order_noncontractual) ... ok
test_duplicate_json_keys_are_not_tolerated (__main__.ScorerChecks.test_duplicate_json_keys_are_not_tolerated) ... ok
test_exact_fact_not_substring (__main__.ScorerChecks.test_exact_fact_not_substring) ... ok
test_exact_unknown_is_boolean_abstention_adapter (__main__.ScorerChecks.test_exact_unknown_is_boolean_abstention_adapter) ... ok
test_extra_and_duplicate_citations_rejected (__main__.ScorerChecks.test_extra_and_duplicate_citations_rejected) ... ok
test_first_failure_priority_unique (__main__.ScorerChecks.test_first_failure_priority_unique) ... ok
test_global_forbidden_claim_union_is_not_overwritten (__main__.ScorerChecks.test_global_forbidden_claim_union_is_not_overwritten) ... ok
test_global_prohibitions_survive_omission_and_empty_override (__main__.ScorerChecks.test_global_prohibitions_survive_omission_and_empty_override) ... ok
test_memory_and_document_origins_both_required (__main__.ScorerChecks.test_memory_and_document_origins_both_required) ... ok
test_missing_admission_and_precomputed_true (__main__.ScorerChecks.test_missing_admission_and_precomputed_true) ... ok
test_prompt_is_actual_context_gate (__main__.ScorerChecks.test_prompt_is_actual_context_gate) ... ok
test_relation_and_abstention_have_unique_response_failures (__main__.ScorerChecks.test_relation_and_abstention_have_unique_response_failures) ... ok
test_retrieval_identity_revision_and_chunk (__main__.ScorerChecks.test_retrieval_identity_revision_and_chunk) ... ok
test_scope_and_tombstone_unique_lifecycle_failure (__main__.ScorerChecks.test_scope_and_tombstone_unique_lifecycle_failure) ... ok
test_superseded_revision_required (__main__.ScorerChecks.test_superseded_revision_required) ... ok
test_three_source_complete_not_two (__main__.ScorerChecks.test_three_source_complete_not_two) ... ok
test_truncated_admission (__main__.ScorerChecks.test_truncated_admission) ... ok
test_wrong_context_profile_is_admission_failure (__main__.ScorerChecks.test_wrong_context_profile_is_admission_failure) ... ok

----------------------------------------------------------------------
Ran 25 tests in 0.410s

OK
